테이블 불러오기 성공 L001.daily_%
테이블 불러오기 건너뛰기 M001.t_banner_link_mapping
테이블 불러오기 건너뛰기 L001.t_banner_link_mapping
테이블 불러오기 건너뛰기 M001.t_binary
테이블 불러오기 건너뛰기 L001.t_binary
테이블 불러오기 건너뛰기 M001.t_bookmark
테이블 불러오기 건너뛰기 L001.t_bookmark
테이블 불러오기 건너뛰기 M001.t_code_mgmt
테이블 불러오기 건너뛰기 L001.t_code_mgmt
테이블 불러오기 건너뛰기 M001.t_eplog
테이블 불러오기 건너뛰기 L001.t_eplog
테이블 불러오기 건너뛰기 M001.t_groups
테이블 불러오기 건너뛰기 L001.t_groups
테이블 불러오기 건너뛰기 M001.t_link
테이블 불러오기 건너뛰기 L001.t_link
테이블 불러오기 건너뛰기 M001.t_link_user
테이블 불러오기 건너뛰기 L001.t_link_user
테이블 불러오기 건너뛰기 M001.t_noty
테이블 불러오기 건너뛰기 L001.t_noty
테이블 불러오기 건너뛰기 M001.t_noty_recv
테이블 불러오기 건너뛰기 L001.t_noty_recv
테이블 불러오기 건너뛰기 M001.t_pnck_page
테이블 불러오기 건너뛰기 L001.t_pnck_page
테이블 불러오기 건너뛰기 M001.t_pnck_page_portlet_mapping
테이블 불러오기 건너뛰기 L001.t_pnck_page_portlet_mapping
테이블 불러오기 건너뛰기 M001.t_pnck_page_role
테이블 불러오기 건너뛰기 L001.t_pnck_page_role
테이블 불러오기 건너뛰기 M001.t_pnck_role
테이블 불러오기 건너뛰기 L001.t_pnck_role
테이블 불러오기 건너뛰기 M001.t_pnck_role_audit_log
테이블 불러오기 건너뛰기 L001.t_pnck_role_audit_log
테이블 불러오기 건너뛰기 M001.t_pnck_theme
테이블 불러오기 건너뛰기 L001.t_pnck_theme
테이블 불러오기 건너뛰기 M001.t_types
0
