2,50c2,18
< "M001","daily_20191201",,,,,,"PART_BATCHDATE",,,,,,,,,"003","DropPartition/CreatePartition/Insert",,,,
< "M001","daily_20191202",,,,,,"PART_BATCHDATE",,,,,,,,,"003","DropPartition/CreatePartition/Insert",,,,
< "M001","daily_20191203",,,,,,"PART_BATCHDATE",,,,,,,,,"003","DropPartition/CreatePartition/Insert",,,,
< "M001","daily_20191204",,,,,,"PART_BATCHDATE",,,,,,,,,"003","DropPartition/CreatePartition/Insert",,,,
< "M001","daily_20191205",,,,,,"PART_BATCHDATE",,,,,,,,,"003","DropPartition/CreatePartition/Insert",,,,
< "M001","daily_20191206",,,,,,"PART_BATCHDATE",,,,,,,,,"003","DropPartition/CreatePartition/Insert",,,,
< "M001","daily_20191207",,,,,,"PART_BATCHDATE",,,,,,,,,"003","DropPartition/CreatePartition/Insert",,,,
< "M001","daily_20191208",,,,,,"PART_BATCHDATE",,,,,,,,,"003","DropPartition/CreatePartition/Insert",,,,
< "M001","daily_20191209",,,,,,"PART_BATCHDATE",,,,,,,,,"003","DropPartition/CreatePartition/Insert",,,,
< "M001","daily_20191210",,,,,,"PART_BATCHDATE",,,,,,,,,"003","DropPartition/CreatePartition/Insert",,,,
< "M001","daily_20191211",,,,,,"PART_BATCHDATE",,,,,,,,,"003","DropPartition/CreatePartition/Insert",,,,
< "M001","daily_20191212",,,,,,"PART_BATCHDATE",,,,,,,,,"003","DropPartition/CreatePartition/Insert",,,,
< "M001","daily_20191213",,,,,,"PART_BATCHDATE",,,,,,,,,"003","DropPartition/CreatePartition/Insert",,,,
< "M001","daily_20191214",,,,,,"PART_BATCHDATE",,,,,,,,,"003","DropPartition/CreatePartition/Insert",,,,
< "M001","daily_20191215",,,,,,"PART_BATCHDATE",,,,,,,,,"003","DropPartition/CreatePartition/Insert",,,,
< "M001","daily_20191216",,,,,,"PART_BATCHDATE",,,,,,,,,"003","DropPartition/CreatePartition/Insert",,,,
< "M001","daily_20191217",,,,,,"PART_BATCHDATE",,,,,,,,,"003","DropPartition/CreatePartition/Insert",,,,
< "M001","daily_20191218",,,,,,"PART_BATCHDATE",,,,,,,,,"003","DropPartition/CreatePartition/Insert",,,,
< "M001","daily_20191219",,,,,,"PART_BATCHDATE",,,,,,,,,"003","DropPartition/CreatePartition/Insert",,,,
< "M001","daily_20191220",,,,,,"PART_BATCHDATE",,,,,,,,,"003","DropPartition/CreatePartition/Insert",,,,
< "M001","daily_20191221",,,,,,"PART_BATCHDATE",,,,,,,,,"003","DropPartition/CreatePartition/Insert",,,,
< "M001","daily_20191222",,,,,,"PART_BATCHDATE",,,,,,,,,"003","DropPartition/CreatePartition/Insert",,,,
< "M001","daily_20191223",,,,,,"PART_BATCHDATE",,,,,,,,,"003","DropPartition/CreatePartition/Insert",,,,
< "M001","daily_20191224",,,,,,"PART_BATCHDATE",,,,,,,,,"003","DropPartition/CreatePartition/Insert",,,,
< "M001","daily_20191225",,,,,,"PART_BATCHDATE",,,,,,,,,"003","DropPartition/CreatePartition/Insert",,,,
< "M001","daily_20191226",,,,,,"PART_BATCHDATE",,,,,,,,,"003","DropPartition/CreatePartition/Insert",,,,
< "M001","daily_20191227",,,,,,"PART_BATCHDATE",,,,,,,,,"003","DropPartition/CreatePartition/Insert",,,,
< "M001","daily_20191228",,,,,,"PART_BATCHDATE",,,,,,,,,"003","DropPartition/CreatePartition/Insert",,,,
< "M001","daily_20191229",,,,,,"PART_BATCHDATE",,,,,,,,,"003","DropPartition/CreatePartition/Insert",,,,
< "M001","daily_20191230",,,,,,"PART_BATCHDATE",,,,,,,,,"003","DropPartition/CreatePartition/Insert",,,,
< "M001","daily_20191231",,,,,,"PART_BATCHDATE",,,,,,,,,"003","DropPartition/CreatePartition/Insert",,,,
< "M001","getbeachlocationlist",,,,,,"PART_BATCHDATE",,,,,,,,,"003","DropPartition/CreatePartition/Insert",,,,
< "M001","t_banner_link_mapping",,,,,,"PART_BATCHDATE",,,,,,,,,"003","DropPartition/CreatePartition/Insert",,,,
< "M001","t_binary","이진데이터",,,,,"PART_BATCHDATE",,,,,,,,,"003","DropPartition/CreatePartition/Insert",,,,
< "M001","t_bookmark",,,,,,"PART_BATCHDATE",,,,,,,,,"003","DropPartition/CreatePartition/Insert",,,,
< "M001","t_code_mgmt",,,,,,"PART_BATCHDATE",,,,,,,,,"003","DropPartition/CreatePartition/Insert",,,,
< "M001","t_eplog",,,,,,"PART_BATCHDATE",,,,,,,,,"003","DropPartition/CreatePartition/Insert",,,,
< "M001","t_groups",,,,,,"PART_BATCHDATE",,,,,,,,,"003","DropPartition/CreatePartition/Insert",,,,
< "M001","t_link",,,,,,"PART_BATCHDATE",,,,,,,,,"003","DropPartition/CreatePartition/Insert",,,,
< "M001","t_link_user",,,,,,"PART_BATCHDATE",,,,,,,,,"003","DropPartition/CreatePartition/Insert",,,,
< "M001","t_noty",,,,,,"PART_BATCHDATE",,,,,,,,,"003","DropPartition/CreatePartition/Insert",,,,
< "M001","t_noty_recv",,,,,,"PART_BATCHDATE",,,,,,,,,"003","DropPartition/CreatePartition/Insert",,,,
< "M001","t_pnck_page",,,,,,"PART_BATCHDATE",,,,,,,,,"003","DropPartition/CreatePartition/Insert",,,,
< "M001","t_pnck_page_portlet_mapping",,,,,,"PART_BATCHDATE",,,,,,,,,"003","DropPartition/CreatePartition/Insert",,,,
< "M001","t_pnck_page_role",,,,,,"PART_BATCHDATE",,,,,,,,,"003","DropPartition/CreatePartition/Insert",,,,
< "M001","t_pnck_role",,,,,,"PART_BATCHDATE",,,,,,,,,"003","DropPartition/CreatePartition/Insert",,,,
< "M001","t_pnck_role_audit_log",,,,,,"PART_BATCHDATE",,,,,,,,,"003","DropPartition/CreatePartition/Insert",,,,
< "M001","t_pnck_theme",,,,,,"PART_BATCHDATE",,,,,,,,,"003","DropPartition/CreatePartition/Insert",,,,
< "M001","t_types",,,,,,"PART_BATCHDATE",,,,,,,,,"003","DropPartition/CreatePartition/Insert",,,,
---
> "M001","t_banner_link_mapping",,,,,,"PART_BATCHDATE",,,,,,,"Y",,"003","DropPartition/CreatePartition/Insert",,,,
> "M001","t_binary","이진데이터",,,,,"PART_BATCHDATE",,,,,,,"Y",,"003","DropPartition/CreatePartition/Insert",,,,
> "M001","t_bookmark",,,,,,"PART_BATCHDATE",,,,,,,"Y",,"003","DropPartition/CreatePartition/Insert",,,,
> "M001","t_code_mgmt",,,,,,"PART_BATCHDATE",,,,,,,"Y",,"003","DropPartition/CreatePartition/Insert",,,,
> "M001","t_eplog",,,,,,"PART_BATCHDATE",,,,,,,"Y",,"003","DropPartition/CreatePartition/Insert",,,,
> "M001","t_groups",,,,,,"PART_BATCHDATE",,,,,,,"Y",,"003","DropPartition/CreatePartition/Insert",,,,
> "M001","t_link",,,,,,"PART_BATCHDATE",,,,,,,"Y",,"003","DropPartition/CreatePartition/Insert",,,,
> "M001","t_link_user",,,,,,"PART_BATCHDATE",,,,,,,"Y",,"003","DropPartition/CreatePartition/Insert",,,,
> "M001","t_noty","실시간알림정보",,,,,"PART_BATCHDATE",,,,,,,"Y",,"003","DropPartition/CreatePartition/Insert",,,,
> "M001","t_noty_recv","받은알림이력",,,,,"PART_BATCHDATE",,,,,,,"Y",,"003","DropPartition/CreatePartition/Insert",,,,
> "M001","t_pnck_page",,,,,,"PART_BATCHDATE",,,,,,,"Y",,"003","DropPartition/CreatePartition/Insert",,,,
> "M001","t_pnck_page_portlet_mapping",,,,,,"PART_BATCHDATE",,,,,,,"Y",,"003","DropPartition/CreatePartition/Insert",,,,
> "M001","t_pnck_page_role",,,,,,"PART_BATCHDATE",,,,,,,"Y",,"003","DropPartition/CreatePartition/Insert",,,,
> "M001","t_pnck_role",,,,,,"PART_BATCHDATE",,,,,,,"Y",,"003","DropPartition/CreatePartition/Insert",,,,
> "M001","t_pnck_role_audit_log",,,,,,"PART_BATCHDATE",,,,,,,"Y",,"003","DropPartition/CreatePartition/Insert",,,,
> "M001","t_pnck_theme",,,,,,"PART_BATCHDATE",,,,,,,"Y",,"003","DropPartition/CreatePartition/Insert",,,,
> "M001","t_types",,,,,,"PART_BATCHDATE",,,,,,,"Y",,"003","DropPartition/CreatePartition/Insert",,,,
