2,75d1
< "M001","daily_20191201",1,"t",,,,,"timestamp","",,,"Y","N",,,,
< "M001","daily_20191201",2,"v",,,,,"text","2147483647",,,"Y","N",,,,
< "M001","daily_20191202",1,"t",,,,,"timestamp","",,,"Y","N",,,,
< "M001","daily_20191202",2,"v",,,,,"text","2147483647",,,"Y","N",,,,
< "M001","daily_20191203",1,"t",,,,,"timestamp","",,,"Y","N",,,,
< "M001","daily_20191203",2,"v",,,,,"text","2147483647",,,"Y","N",,,,
< "M001","daily_20191204",1,"t",,,,,"timestamp","",,,"Y","N",,,,
< "M001","daily_20191204",2,"v",,,,,"text","2147483647",,,"Y","N",,,,
< "M001","daily_20191205",1,"t",,,,,"timestamp","",,,"Y","N",,,,
< "M001","daily_20191205",2,"v",,,,,"text","2147483647",,,"Y","N",,,,
< "M001","daily_20191206",1,"t",,,,,"timestamp","",,,"Y","N",,,,
< "M001","daily_20191206",2,"v",,,,,"text","2147483647",,,"Y","N",,,,
< "M001","daily_20191207",1,"t",,,,,"timestamp","",,,"Y","N",,,,
< "M001","daily_20191207",2,"v",,,,,"text","2147483647",,,"Y","N",,,,
< "M001","daily_20191208",1,"t",,,,,"timestamp","",,,"Y","N",,,,
< "M001","daily_20191208",2,"v",,,,,"text","2147483647",,,"Y","N",,,,
< "M001","daily_20191209",1,"t",,,,,"timestamp","",,,"Y","N",,,,
< "M001","daily_20191209",2,"v",,,,,"text","2147483647",,,"Y","N",,,,
< "M001","daily_20191210",1,"t",,,,,"timestamp","",,,"Y","N",,,,
< "M001","daily_20191210",2,"v",,,,,"text","2147483647",,,"Y","N",,,,
< "M001","daily_20191211",1,"t",,,,,"timestamp","",,,"Y","N",,,,
< "M001","daily_20191211",2,"v",,,,,"text","2147483647",,,"Y","N",,,,
< "M001","daily_20191212",1,"t",,,,,"timestamp","",,,"Y","N",,,,
< "M001","daily_20191212",2,"v",,,,,"text","2147483647",,,"Y","N",,,,
< "M001","daily_20191213",1,"t",,,,,"timestamp","",,,"Y","N",,,,
< "M001","daily_20191213",2,"v",,,,,"text","2147483647",,,"Y","N",,,,
< "M001","daily_20191214",1,"t",,,,,"timestamp","",,,"Y","N",,,,
< "M001","daily_20191214",2,"v",,,,,"text","2147483647",,,"Y","N",,,,
< "M001","daily_20191215",1,"t",,,,,"timestamp","",,,"Y","N",,,,
< "M001","daily_20191215",2,"v",,,,,"text","2147483647",,,"Y","N",,,,
< "M001","daily_20191216",1,"t",,,,,"timestamp","",,,"Y","N",,,,
< "M001","daily_20191216",2,"v",,,,,"text","2147483647",,,"Y","N",,,,
< "M001","daily_20191217",1,"t",,,,,"timestamp","",,,"Y","N",,,,
< "M001","daily_20191217",2,"v",,,,,"text","2147483647",,,"Y","N",,,,
< "M001","daily_20191218",1,"t",,,,,"timestamp","",,,"Y","N",,,,
< "M001","daily_20191218",2,"v",,,,,"text","2147483647",,,"Y","N",,,,
< "M001","daily_20191219",1,"t",,,,,"timestamp","",,,"Y","N",,,,
< "M001","daily_20191219",2,"v",,,,,"text","2147483647",,,"Y","N",,,,
< "M001","daily_20191220",1,"t",,,,,"timestamp","",,,"Y","N",,,,
< "M001","daily_20191220",2,"v",,,,,"text","2147483647",,,"Y","N",,,,
< "M001","daily_20191221",1,"t",,,,,"timestamp","",,,"Y","N",,,,
< "M001","daily_20191221",2,"v",,,,,"text","2147483647",,,"Y","N",,,,
< "M001","daily_20191222",1,"t",,,,,"timestamp","",,,"Y","N",,,,
< "M001","daily_20191222",2,"v",,,,,"text","2147483647",,,"Y","N",,,,
< "M001","daily_20191223",1,"t",,,,,"timestamp","",,,"Y","N",,,,
< "M001","daily_20191223",2,"v",,,,,"text","2147483647",,,"Y","N",,,,
< "M001","daily_20191224",1,"t",,,,,"timestamp","",,,"Y","N",,,,
< "M001","daily_20191224",2,"v",,,,,"text","2147483647",,,"Y","N",,,,
< "M001","daily_20191225",1,"t",,,,,"timestamp","",,,"Y","N",,,,
< "M001","daily_20191225",2,"v",,,,,"text","2147483647",,,"Y","N",,,,
< "M001","daily_20191226",1,"t",,,,,"timestamp","",,,"Y","N",,,,
< "M001","daily_20191226",2,"v",,,,,"text","2147483647",,,"Y","N",,,,
< "M001","daily_20191227",1,"t",,,,,"timestamp","",,,"Y","N",,,,
< "M001","daily_20191227",2,"v",,,,,"text","2147483647",,,"Y","N",,,,
< "M001","daily_20191228",1,"t",,,,,"timestamp","",,,"Y","N",,,,
< "M001","daily_20191228",2,"v",,,,,"text","2147483647",,,"Y","N",,,,
< "M001","daily_20191229",1,"t",,,,,"timestamp","",,,"Y","N",,,,
< "M001","daily_20191229",2,"v",,,,,"text","2147483647",,,"Y","N",,,,
< "M001","daily_20191230",1,"t",,,,,"timestamp","",,,"Y","N",,,,
< "M001","daily_20191230",2,"v",,,,,"text","2147483647",,,"Y","N",,,,
< "M001","daily_20191231",1,"t",,,,,"timestamp","",,,"Y","N",,,,
< "M001","daily_20191231",2,"v",,,,,"text","2147483647",,,"Y","N",,,,
< "M001","getbeachlocationlist",1,"pubasidx",,,,,"text","2147483647",,,"Y","N",,,,
< "M001","getbeachlocationlist",2,"pubasseq",,,,,"int4","",,,"Y","N",,,,
< "M001","getbeachlocationlist",3,"pubasaddress",,,,,"text","2147483647",,,"Y","N",,,,
< "M001","getbeachlocationlist",4,"pubaslandarea",,,,,"numeric","5,1",,,"Y","N",,,,
< "M001","getbeachlocationlist",5,"pubasconarea",,,,,"numeric","5,1",,,"Y","N",,,,
< "M001","getbeachlocationlist",6,"pubasonjibun",,,,,"text","2147483647",,,"Y","N",,,,
< "M001","getbeachlocationlist",7,"pubastwjibun",,,,,"text","2147483647",,,"Y","N",,,,
< "M001","getbeachlocationlist",8,"pubasthjibun",,,,,"text","2147483647",,,"Y","N",,,,
< "M001","getbeachlocationlist",9,"pubasfojibun",,,,,"text","2147483647",,,"Y","N",,,,
< "M001","getbeachlocationlist",10,"pubasostatus",,,,,"int4","",,,"Y","N",,,,
< "M001","getbeachlocationlist",11,"pubasostatusnm",,,,,"text","2147483647",,,"Y","N",,,,
< "M001","getbeachlocationlist",12,"pubasareanm",,,,,"text","2147483647",,,"Y","N",,,,
77c3
< "M001","t_banner_link_mapping",2,"link_id",,,,,"varchar","32",,,"N","Y",,,,
---
> "M001","t_banner_link_mapping",2,"link_id",,,,"Y","varchar","32",,,"N","Y",,,,
157,174c83,99
< "M001","t_noty",1,"noty_id",,,,,"varchar","32",,,"N","Y",,,,
< "M001","t_noty",2,"noty_type",,,,,"bpchar","2",,,"Y","N",,,,
< "M001","t_noty",3,"snd_sys_code",,,,,"varchar","10",,,"Y","N",,,,
< "M001","t_noty",4,"msg_txt",,,,,"varchar","4000",,,"Y","N",,,,
< "M001","t_noty",5,"act_type",,,,,"bpchar","1",,,"Y","N",,,,
< "M001","t_noty",6,"act_uri",,,,,"varchar","256",,,"Y","N",,,,
< "M001","t_noty",7,"act_data",,,,,"varchar","4000",,,"Y","N",,,,
< "M001","t_noty",8,"act_option",,,,,"varchar","4000",,,"Y","N",,,,
< "M001","t_noty",9,"send_id",,,,,"varchar","20",,,"Y","N",,,,
< "M001","t_noty",10,"send_dt",,,,,"date","",,,"Y","N",,,,
< "M001","t_noty",11,"reg_id",,,,,"varchar","20",,,"N","N",,,,
< "M001","t_noty",12,"reg_dt",,,,,"timestamp","",,,"N","N",,,,
< "M001","t_noty",13,"upd_id",,,,,"varchar","20",,,"N","N",,,,
< "M001","t_noty",14,"upd_dt",,,,,"timestamp","",,,"N","N",,,,
< "M001","t_noty_recv",1,"noty_id",,,,,"varchar","32",,,"N","Y",,,,
< "M001","t_noty_recv",2,"recv_id",,,,,"varchar","50",,,"N","Y",,,,
< "M001","t_noty_recv",3,"recv_dt",,,,,"date","",,,"Y","N",,,,
< "M001","t_noty_recv",4,"view_yn",,,,,"bpchar","1",,,"Y","N",,,,
---
> "M001","t_noty",1,"noty_id","알림ID",,,,"varchar","32",,,"N","Y",,,,
> "M001","t_noty",2,"noty_type","알림유형",,,,"bpchar","2",,,"Y","N",,,,
> "M001","t_noty",3,"snd_sys_code","발송시스템",,,,"varchar","10",,,"Y","N",,,,
> "M001","t_noty",4,"msg_txt","알림메세지",,,,"varchar","4000",,,"Y","N",,,,
> "M001","t_noty",5,"act_type","열리는유형",,,,"bpchar","1",,,"Y","N",,,,
> "M001","t_noty",6,"act_uri","열리는주소",,,,"varchar","256",,,"Y","N",,,,
> "M001","t_noty",7,"act_data","연계데이터",,,,"varchar","4000",,,"Y","N",,,,
> "M001","t_noty",8,"act_option","열리는옵션",,,,"varchar","4000",,,"Y","N",,,,
> "M001","t_noty",9,"send_id","발송자ID",,,,"varchar","20",,,"Y","N",,,,
> "M001","t_noty",11,"reg_id","등록자ID",,,,"varchar","20",,,"N","N",,,,
> "M001","t_noty",12,"reg_dt","등록일자시간",,,,"timestamp","",,,"N","N",,,,
> "M001","t_noty",13,"upd_id","수정자ID",,,,"varchar","20",,,"N","N",,,,
> "M001","t_noty",14,"upd_dt","수정일자시간",,,,"timestamp","",,,"N","N",,,,
> "M001","t_noty_recv",1,"noty_id","알림ID",,,,"varchar","32",,,"N","Y",,,,
> "M001","t_noty_recv",2,"recv_id","받는사용자ID",,,,"varchar","50",,,"N","Y",,,,
> "M001","t_noty_recv",3,"recv_dt","받은날짜",,,,"date","",,,"Y","N",,,,
> "M001","t_noty_recv",4,"view_yn","읽음유무",,,,"bpchar","1",,,"Y","N",,,,
238c163
< "M001","t_types",12,"t_double",,,,,"float8","",,,"Y","N",,,,
---
> "M001","t_types",12,"t_double",,"t_double::text",,,"float8","",,"STRING","Y","N",,,,
247c172
< "M001","t_types",21,"t_money",,,,,"money","2147483647",,,"Y","N",,,,
---
> "M001","t_types",21,"t_money",,"t_money::text",,,"money","2147483647",,"STRING","Y","N",,,,
252c177
< "M001","t_types",26,"t_real",,,,,"float4","",,,"Y","N",,,,
---
> "M001","t_types",26,"t_real",,"t_real::text",,,"float4","",,"STRING","Y","N",,,,
255c180
< "M001","t_types",29,"t_time",,,,,"time","15",,,"Y","N",,,,
---
> "M001","t_types",29,"t_time",,"t_time::text",,,"time","15",,"STRING","Y","N",,,,
